// Jest Snapshot v1, https://goo.gl/fbAQLP

exports[`renders homepage unchanged 1`] = `
<div
  className="container"
>
  <main
    className="main"
  >
    <h1>
      Calculator
    </h1>
    <div
      className="calculator"
    >
      <div
        className="display"
      >
        <div
          className="display-expression"
        >
          
        </div>
        <div
          className="display-result"
        >
          
        </div>
      </div>
      <div
        className="key-pad"
      >
        <input
          className="input-key"
          onClick={[Function]}
          type="button"
          value="("
        />
        <input
          className="input-key"
          onClick={[Function]}
          type="button"
          value=")"
        />
        <input
          className="input-key"
          onClick={[Function]}
          type="button"
          value="Del"
        />
        <input
          className="input-key"
          onClick={[Function]}
          type="button"
          value="AC"
        />
        <div
          className="key-row"
        />
        <input
          className="input-key"
          onClick={[Function]}
          type="button"
          value="7"
        />
        <input
          className="input-key"
          onClick={[Function]}
          type="button"
          value="8"
        />
        <input
          className="input-key"
          onClick={[Function]}
          type="button"
          value="9"
        />
        <input
          className="input-key"
          onClick={[Function]}
          type="button"
          value="/"
        />
        <div
          className="key-row"
        />
        <input
          className="input-key"
          onClick={[Function]}
          type="button"
          value="4"
        />
        <input
          className="input-key"
          onClick={[Function]}
          type="button"
          value="5"
        />
        <input
          className="input-key"
          onClick={[Function]}
          type="button"
          value="6"
        />
        <input
          className="input-key"
          onClick={[Function]}
          type="button"
          value="*"
        />
        <div
          className="key-row"
        />
        <input
          className="input-key"
          onClick={[Function]}
          type="button"
          value="1"
        />
        <input
          className="input-key"
          onClick={[Function]}
          type="button"
          value="2"
        />
        <input
          className="input-key"
          onClick={[Function]}
          type="button"
          value="3"
        />
        <input
          className="input-key"
          onClick={[Function]}
          type="button"
          value="-"
        />
        <div
          className="key-row"
        />
        <input
          className="input-key"
          onClick={[Function]}
          type="button"
          value="0"
        />
        <input
          className="input-key"
          onClick={[Function]}
          type="button"
          value="."
        />
        <input
          className="input-key"
          onClick={[Function]}
          type="button"
          value="="
        />
        <input
          className="input-key"
          onClick={[Function]}
          type="button"
          value="+"
        />
        <div
          className="key-row"
        />
      </div>
    </div>
  </main>
</div>
`;
